939	Abe Lincoln of the 9th Ave	no entity
884	Adventures of Smiling Jack Ep1	no entity
893	Adventures of Smiling Jack Ep10	no entity
894	Adventures of Smiling Jack Ep11	no entity
895	Adventures of Smiling Jack Ep12	no entity
885	Adventures of Smiling Jack Ep2	no entity
886	Adventures of Smiling Jack Ep3	no entity
887	Adventures of Smiling Jack Ep4	no entity
888	Adventures of Smiling Jack Ep5	no entity
889	Adventures of Smiling Jack Ep6	no entity
890	Adventures of Smiling Jack Ep7	no entity
891	Adventures of Smiling Jack Ep8	no entity
892	Adventures of Smiling Jack Ep9	no entity
519	Bertha - Marriage Wows	no entity
513	Betty Boop - Rythm on the Reservation	no entity
552	Black Americana 1	no entity
553	Black Americana 2	no entity
101	The Brideless Groom	no entity
90	Buster Keaton shorts 1	no entity
91	Buster Keaton shorts 2	no entity
903	Charlie Chaplin Caught in a Caberet	no entity
904	Charlie Chaplin Charlot Charlies Recreation	no entity
906	Charlie Chaplin Charlot et Mabel aux Courses	no entity
1064	Charlie Chaplin Charlot Face on the Barroom Floor	no entity
1065	Charlie Chaplin Charlot Garcon de Theatre	no entity
909	Charlie Chaplin Film Johnny	no entity
910	Charlie Chaplin Good for Nothing	no entity
911	Charlie Chaplin His Trysting Places	no entity
912	Charlie Chaplin Kids Auto Race at Venice	no entity
913	Charlie Chaplin Laffing Gas	no entity
914	Charlie Chaplin Mabels Busy Day	no entity
1066	Charlie Chaplin Mabels Strange Predicament	no entity
916	Charlie Chaplin Musical Tramp	no entity
919	Charlie Chaplin The Landladys Pet	no entity
924	Charlie Chaplin Tillies Punctured Romance	no entity
925	Charlie Chaplin Twenty Minutes of Love	no entity
123	City Ninja	no entity
169	The Clancy Street Boys	no entity
769	The Clutching Hand 1 Who is the Clutching Hand	no entity
778	The Clutching Hand 10 A Desperate Chance	no entity
779	The Clutching Hand 11 The Ship of Peril	no entity
780	The Clutching Hand 12 Hidden Danger	no entity
781	The Clutching Hand 13 The Mystic Menace	no entity
782	The Clutching Hand 14 The Silent Specter	no entity
783	The Clutching Hand 15 The Lone Hand	no entity
770	The Clutching Hand 2 Shadows	no entity
771	The Clutching Hand 3 House of Mystery	no entity
772	The Clutching Hand 4 The Phantom Car	no entity
773	The Clutching Hand 5 The Double Trap	no entity
774	The Clutching Hand 6 Steps of Doom	no entity
775	The Clutching Hand 7 The Invisible Enemy	no entity
776	The Clutching Hand 8 A Cry in the Night	no entity
777	The Clutching Hand 9 Evil Eyes	no entity
85	Comedy shorts	no exact-title entity (best: Deji Olatunji)
214	The Dancing Pirate	no entity
437	Death of a Ninja	no entity
633	December 7 1941	no entity
735	Dick Tracy 1 The Spider Strikes	no entity
744	Dick Tracy 10 The Gold Ship	no entity
745	Dick Tracy 11 Harbor Pursuits	no entity
746	Dick Tracy 12 The Trail of the Spider	no entity
747	Dick Tracy 13 The Fire Trap	no entity
748	Dick Tracy 14 The Devil in White	no entity
749	Dick Tracy 15 Brother United	no entity
736	Dick Tracy 2 The Bridge of Terror	no entity
737	Dick Tracy 3 The Fur Pirates	no entity
738	Dick Tracy 4 Death Ride the Sky	no entity
739	Dick Tracy 5 Brother Against Brother	no entity
740	Dick Tracy 6 Dangerous Waters	no entity
741	Dick Tracy 7 The Ghost Town Mystery	no entity
742	Dick Tracy 8 Battle in the Clouds	no entity
743	Dick Tracy 9 The Stratosphere Adventure	no entity
210	Dr Jeckyll and Mr Hyde	no entity
839	Dr Tarrs Torture Dungeon	no entity
157	Drums of the Deep South	no entity
88	Fatty Arbunkle shorts	no entity
423	Flash Gordon Conquers the Universe ep 01	no entity
424	Flash Gordon Conquers the Universe ep 02	no entity
425	Flash Gordon Conquers the Universe ep 03	no entity
426	Flash Gordon Conquers the Universe ep 04	no entity
427	Flash Gordon Conquers the Universe ep 05	no entity
428	Flash Gordon Conquers the Universe ep 06	no entity
429	Flash Gordon Conquers the Universe ep 07	no entity
430	Flash Gordon Conquers the Universe ep 08	no entity
431	Flash Gordon Conquers the Universe ep 09	no entity
432	Flash Gordon Conquers the Universe ep 10	no entity
433	Flash Gordon Conquers the Universe ep 11	no entity
434	Flash Gordon Conquers the Universe ep 12	no entity
443	Four Robbers	no entity
124	The Four Shaolin Challengers	no entity
302	Gunfight of Red Sands	no entity
207	Hercules Against the Moonmen	no entity
457	Heroes of Shaolin part 1	no entity
458	Heroes of Shaolin part 2	no entity
145	How Awful About Alan	no entity
642	The Hurricane Express 1 The Wrecker	no entity
651	The Hurricane Express 10 The Wreckers Secret	no entity
652	The Hurricane Express 11 Wings of Death	no entity
653	The Hurricane Express 12 Unmasked	no entity
643	The Hurricane Express 2 Flying Pirates	no entity
644	The Hurricane Express 3 The Masked Menace	no entity
645	The Hurricane Express 4 Buried Alive	no entity
646	The Hurricane Express 5 Danger Lights	no entity
647	The Hurricane Express 6 The Airport Mystery	no entity
648	The Hurricane Express 7 Sealed Lips	no entity
649	The Hurricane Express 8 Outside the Law	no entity
650	The Hurricane Express 9 The Invisible Enemy	no entity
881	Junglebook Sabu	no entity
89	Keystone Cops shorts	no entity
637	The KGB Connections	no exact-title entity (best: The KGB Connections: An Investigation Into Soviet Operations in North America - 1981 (NAID 54508))
116	Killer of Snakes Fox of Shaolin	no entity
113	Kung Fu Arts	no entity
451	Kung Fu Kids Break Away	no entity
162	Last of the Mohicans (Silent movie)	no entity
525	Little Lulu - Cad and Caddy	no entity
343	The Lost City 1	no entity
352	The Lost City 10	no entity
353	The Lost City 11	no entity
354	The Lost City 12	no entity
345	The Lost City 3	no entity
346	The Lost City 4	no entity
347	The Lost City 5	no entity
348	The Lost City 6	no entity
349	The Lost City 7	no entity
350	The Lost City 8	no entity
351	The Lost City 9	no entity
640	Marines at Tarawa Return to Guam	no entity
1078	The Master Max	no entity
537	The Memphis Belle	no exact-title entity (best: The Memphis Belle: A Story of a Flying Fortress)
575	Molly Moo-Cow and the Indians	no entity
503	Mr Piper - Brave Molly	no entity
504	Mr Piper - Hasty and the Princess	no entity
505	Mr Piper - The Kind Hearted Girl	no entity
265	My Boys are Good Boys	no entity
77	The Mystery of the Hooded Horseman	no entity
516	The New 3 Stooges - Hairbrained Barbers	no entity
517	The New 3 Stooges - The Littlest Martian	no entity
666	The New Adventures of Tarzan 1 Africa	no entity
675	The New Adventures of Tarzan 10 Secret Signals	no entity
676	The New Adventures of Tarzan 11 Deaths Fireworks	no entity
677	The New Adventures of Tarzan 12 Operator_17	no entity
667	The New Adventures of Tarzan 2 Crossed Trails	no entity
668	The New Adventures of Tarzan 3 Devils Posse	no entity
669	The New Adventures of Tarzan 4 River Perils	no entity
670	The New Adventures of Tarzan 5 Unseen Hands	no entity
671	The New Adventures of Tarzan 6 Fatal Fangs	no entity
672	The New Adventures of Tarzan 7 Flaming Waters	no entity
673	The New Adventures of Tarzan 8 Angry Gods	no entity
674	The New Adventures of Tarzan 9 Dooms Brink	no entity
449	Ninja Death I	no entity
447	Ninja Death II	no entity
448	Ninja Death III	no entity
439	Ninja Empire	no entity
630	Nuremburg Trials	no entity
526	Nursery Scandal	no entity
86	Our Gang shorts	no entity
152	Panic in Echo Park	no entity
654	The Phantom Creeps 1 The Menacing Power	no entity
663	The Phantom Creeps 10 Phantom Footprints	no entity
664	The Phantom Creeps 11 The Blast	no entity
665	The Phantom Creeps 12 To Destroy the World	no entity
655	The Phantom Creeps 2 Death Stalks the Highway	no entity
656	The Phantom Creeps 3 Crashing Timbers	no entity
657	The Phantom Creeps 4 Invisible Terror	no entity
658	The Phantom Creeps 5 Thundering Rails	no entity
659	The Phantom Creeps 6 The Iron Monster	no entity
660	The Phantom Creeps 7 The Menacing Mist	no entity
661	The Phantom Creeps 8 Trapped in the Flames	no entity
662	The Phantom Creeps 9 Speeding Doom	no entity
489	Popeye - I Dont Scare	no entity
528	Popeye - Lets Sing Alone With Popeye	no entity
515	Popeye - Nearly Weds	no entity
361	Popeye Festival	no entity
481	Popeye Meets Aladdin	no entity
329	Radar Men From the Moon 1	no entity
338	Radar Men From the Moon 10	no entity
339	Radar Men From the Moon 11	no entity
340	Radar Men From the Moon 12	no entity
330	Radar Men From the Moon 2	no entity
331	Radar Men From the Moon 3	no entity
332	Radar Men From the Moon 4	no entity
333	Radar Men From the Moon 5	no entity
334	Radar Men From the Moon 6	no entity
335	Radar Men From the Moon 7	no entity
336	Radar Men From the Moon 8	no entity
337	Radar Men From the Moon 9	no entity
283	Ransom Money	no entity
811	The Revenge of Doctor X	no entity
205	Rocky Jones Space Ranger: Menace from Space	no entity
797	Savage Journey	no entity
442	Shadow Ninja	no exact-title entity (best: Shadow Ninja: Apocalypse)
710	Shadow of the Eagle 1 The Carnival Mystery	no entity
719	Shadow of the Eagle 10 The Man Who Knew	no entity
720	Shadow of the Eagle 11 The Eagles Wings	no entity
721	Shadow of the Eagle 12 The Shadow Unmasked	no entity
711	Shadow of the Eagle 2 Pinholes	no entity
712	Shadow of the Eagle 3 The Eagle Strikes	no entity
713	Shadow of the Eagle 4 The Man of a Million Voices	no entity
714	Shadow of the Eagle 5 The Telephone Cipher	no entity
715	Shadow of the Eagle 6 The Code of the Carnival	no entity
716	Shadow of the Eagle 7 Eagle or Vulture	no entity
717	Shadow of the Eagle 8 On the Spot	no entity
718	Shadow of the Eagle 9 When Thieves Fall Out	no entity
456	Shaolin Invincibles	no entity
530	Shortnin Bread	no entity
967	The Sleeping Cardinal.1931.Sherlock Holmes Fatal Hour	no entity
126	The Snake The Tiger The Crane	no entity
235	Son of Hercules The Land of Darkness	no entity
722	SOS Coast Guard 1 Disaster at Sea	no entity
731	SOS Coast Guard 10 The Acid Trail	no entity
732	SOS Coast Guard 11 The Sea Battle	no entity
733	SOS Coast Guard 12 The Deadly Circle	no entity
723	SOS Coast Guard 2 Barrage of Death	no entity
724	SOS Coast Guard 3 The Gas Chamber	no entity
725	SOS Coast Guard 4 The Fatal Shaft	no entity
726	SOS Coast Guard 5 The Mystery SHip	no entity
727	SOS Coast Guard 6 Deadly Cargo	no entity
728	SOS Coast Guard 7 Undersea Terror	no entity
729	SOS Coast Guard 8 The Crash	no entity
730	SOS Coast Guard 9 Wolves at Bay	no entity
121	Spirits of Bruce Lee	no entity
95	Stage Coach to Denver	no entity
87	Stan Laurel shorts	no entity
360	Superman Festival	no entity
175	Swing Hi, Swing lo	no entity
784	A Tattered Web	no entity
690	The Three Musketeers 1 The Fiery Circle	no entity
699	The Three Musketeers 10 Trapped	no entity
700	The Three Musketeers 11 The Measure of a Man	no entity
701	The Three Musketeers 12 The Glory of Comrades	no entity
691	The Three Musketeers 2 One for All and All for One	no entity
692	The Three Musketeers 3 The Master Spy	no entity
693	The Three Musketeers 4 Pirates of the Desert	no entity
694	The Three Musketeers 5 Rebel Rifles	no entity
695	The Three Musketeers 6 Deaths Marathon	no entity
696	The Three Musketeers 7 Naked Steel	no entity
697	The Three Musketeers 8 The Master Strikes	no entity
698	The Three Musketeers 9 The Fatal Cave	no entity
494	Tom and Jerry - A Spanish Twist	no entity
495	Tom and Jerry - Barnyard Bunk	no entity
498	Tom and Jerry - Piano Tooners	no entity
500	Tom and Jerry - Redskin Blues	no entity
572	Toonerville Trolley - Toonerville Picnic	no entity
573	Toonerville Trolley - Trolley Ahoy	no entity
460	Undersea Kingdom part 1	no entity
469	Undersea Kingdom part 10	no entity
470	Undersea Kingdom part 11	no entity
471	Undersea Kingdom part 12	no entity
461	Undersea Kingdom part 2	no entity
462	Undersea Kingdom part 3	no entity
463	Undersea Kingdom part 4	no entity
464	Undersea Kingdom part 5	no entity
465	Undersea Kingdom part 6	no entity
466	Undersea Kingdom part 7	no entity
467	Undersea Kingdom part 8	no entity
468	Undersea Kingdom part 9	no entity
982	Unfinished Task	no exact-title entity (best: Unfinished tasks foster rumination and impair sleeping - particularly if leaders have high performance expectations)
326	White Camanche	no entity
993	With Words and Music	no entity
994	Woman in Brown	no exact-title entity (best: Woman in Brown Coat)
678	Zorros Fighting Legion 1 The Golden God	no entity
687	Zorros Fighting Legion 10 Mystery Wagon	no entity
688	Zorros Fighting Legion 11 Face to Face	no entity
689	Zorros Fighting Legion 12 Unmasked	no entity
679	Zorros Fighting Legion 2 The Flaming Z	no entity
680	Zorros Fighting Legion 3 Descending Doom	no entity
681	Zorros Fighting Legion 4 The Bridge of Peril	no entity
682	Zorros Fighting Legion 5 The Decoy	no entity
683	Zorros Fighting Legion 6 Zorro to the Rescue	no entity
684	Zorros Fighting Legion 7 The Fugitive	no entity
685	Zorros Fighting Legion 8 Flowing Death	no entity
686	Zorros Fighting Legion 9 The Golden Arrow	no entity
ia20000LeaguesUndertheSea	20,000 Leagues Under the Sea	ambiguous -> Q111655 (1916) of 5
876	The 39 Steps	ambiguous -> Q501105 (1935) of 3
942	Airborne	only modern namesakes (2012, 1993)
944	Alias John Law	ambiguous -> Q4725599 (1935) of 2
iaAliceInWonderland1915_503	Alice In Wonderland	ambiguous -> Q2302672 (1915) of 8
iaAll.Quiet.on.the.Western.Front.1930_201605	All Quiet on the Western Front	ambiguous -> Q272599 (1930) of 2
225	The Amazing Mr X	no film among candidates
94	Angel and the Bad Man	only modern namesakes (2009)
943	Angel on My Shoulder	ambiguous -> Q1770219 (1946) of 2
iaAnnieOakley	Annie Oakley	ambiguous -> Q4532029 (1894) of 2
78	Arizona Days	ambiguous -> Q4791287 (1928) of 2
39	The Atomic Brain	no film among candidates
14	Attack of the Monsters	no film among candidates
628	Attack The Battle for New Britain	no film among candidates
948	Babyface Morgan	no film among candidates
946	Barefoot Boy	ambiguous -> Q15918523 (1923) of 2
iaTheBarnDance	The Barn Dance	no film among candidates
227	The Bat	ambiguous -> Q2485195 (1926) of 2
542	The Battle of Britain	ambiguous -> Q3821396 (1943) of 2
1007	The Beachcomber	ambiguous -> Q15043676 (1915) of 3
955	Below the Deadline	ambiguous -> Q114222563 (1921) of 4
370	The Big Chance	ambiguous -> Q7717570 (1933) of 4
445	The Big Fight	ambiguous -> Q18914868 (1930) of 3
iasilent-the-big-parade	The Big Parade	ambiguous -> Q1218520 (1925) of 2
565	The Big Show	ambiguous -> Q7717782 (1923) of 5
264	Bird of Paradise	ambiguous -> Q3117557 (1932) of 3
275	The Black Book	ambiguous -> Q3285503 (1929) of 3
323	The Black Pirate	ambiguous -> Q2377258 (1926) of 3
iablackmail_1929	Blackmail	ambiguous -> Q916078 (1929) of 6
364	The Blacksmith	ambiguous -> Q73771249 (1912) of 2
iablood_and_sand_digest	Blood And Sand	ambiguous -> Q2452327 (1922) of 5
308	Blue Steel	ambiguous -> Q2280163 (1934) of 2
194	Bluebeard	ambiguous -> Q102522331 (1902) of 7
iaTheBoat	The Boat	ambiguous -> Q1052767 (1921) of 2
1045	A Boy and His Dog	ambiguous -> Q4655603 (1946) of 2
243	The Brain Machine	ambiguous -> Q7719815 (1956) of 2
218	The Brain That Wouldnt Die	no film among candidates
iaBroken.Blossoms	Broken Blossoms	ambiguous -> Q905932 (1919) of 2
63	Bulldog Courage	ambiguous -> Q19571138 (1922) of 2
31	Bulldog Drummonds Peril	no film among candidates
34	Bulldog Drummonds Revenge	no film among candidates
32	Bulldog Drummonds Secret Police	no film among candidates
iabusterkeatonthebutcherboy	The Butcher Boy	ambiguous -> Q8907251 (1917) of 2
iaCabiria	Cabiria	no film among candidates
319	Captain Kidd	ambiguous -> Q17431949 (1913) of 3
974	The Capture	ambiguous -> Q13435325 (1913) of 2
iaThe_Cat_and_the_Canary	The Cat and the Canary	ambiguous -> Q2336169 (1927) of 5
834	Cathys Curse	no film among candidates
902	Charlie Chaplin Between Showers	no film among candidates
905	Charlie Chaplin Charlot et le Mannequin	no film among candidates
907	Charlie Chaplin Cruel Cruel Love	no film among candidates
908	Charlie Chaplin Dough and Dynamite	no film among candidates
915	Charlie Chaplin Making a Living	no film among candidates
917	Charlie Chaplin The Fatal Mallet	no film among candidates
918	Charlie Chaplin The Knockout	no film among candidates
920	Charlie Chaplin The Masquerader	no film among candidates
921	Charlie Chaplin The New Janitor	no film among candidates
922	Charlie Chaplin The Rival Mashers	no film among candidates
923	Charlie Chaplin The Rounders	no film among candidates
iaTheCheat	The Cheat	ambiguous -> Q1246289 (1915) of 6
962	Code Name Zebra	no film among candidates
82	Colorado	no film among candidates
iaCountyFair_	The County Fair	ambiguous -> Q7727816 (1920) of 5
iaCrationDeLaSerpentine	Création de la Serpentine	no film among candidates
833	Curse of Demon Mountain	no film among candidates
901	Cyrano De Bergerac	ambiguous -> Q3008914 (1900) of 8
874	D.O.A. 1949	no film among candidates
931	Damon and Pythias	ambiguous -> Q3012957 (1908) of 3
iaDantesInferno1911_201905	Dante's Inferno	ambiguous -> Q1755660 (1911) of 4
iaDaydreams	Daydreams	ambiguous -> Q3115182 (1922) of 3
120	Deadly Duo	ambiguous -> Q16249793 (1962) of 2
253	Destroy All Planets	no film among candidates
415	Detour	ambiguous -> Q2062566 (1945) of 2
48	The Devils Cavaliers	no film among candidates
868	The Devils Hand	no film among candidates
73	The Devils Party	no film among candidates
379	Doras Dunking Doughnuts	no film among candidates
iadownhill-1927	Downhill	ambiguous -> Q495820 (1927) of 3
iaDrJekyllandMrHyde	Dr. Jekyll and Mr. Hyde	ambiguous -> Q1253932 (1920) of 11
762	Driller Killer	ambiguous -> Q2204253 (1979) of 2
iaFallOfTheHouseOfUsher1928short	Fall of the House of Usher	ambiguous -> Q1747223 (1928) of 3
iafalling_leaves_1912	Falling Leaves	ambiguous -> Q5432328 (1912) of 2
iaFantasmagorie	Fantasmagorie	no film among candidates
321	A Farewell to Arms	ambiguous -> Q1575490 (1932) of 3
1075	The Fast and the Furious	ambiguous -> Q129055 (1954) of 2
389	The Fatal Glass of Beer	ambiguous -> Q3987003 (1916) of 2
177	Fatal Hour	ambiguous -> Q961681 (1908) of 4
367	Fathers Little Dividend	no film among candidates
1070	Fear in the Night	ambiguous -> Q5227887 (1947) of 2
iaFelix_FindsOut_NoAudio	Felix Finds Out	no film among candidates
288	Fighting Mad	ambiguous -> Q3964388 (1931) of 6
iaA_Fool_There_Was	A Fool There Was	ambiguous -> Q933724 (1915) of 3
iaForTheTermOfHisNaturalLife	For The Term of His Natural Life	ambiguous -> Q5467144 (1927) of 3
iaThe_Four_Horsemen_of_the_Apocalypse	The Four Horsemen of the Apocalypse	ambiguous -> Q1219825 (1921) of 2
15	Gamera The Invincible	no film among candidates
iathe-gilded-cage-1915	The Gilded Cage	ambiguous -> Q13893760 (1916) of 3
934	Gladiators of Rome	only modern namesakes (2012)
46	Go for Broke	ambiguous -> Q5575002 (1951) of 2
iaTheGoat	The Goat	ambiguous -> Q246324 (1921) of 4
704	Gods Gun	no film among candidates
223	The Gorilla	ambiguous -> Q7737353 (1927) of 3
624	The Great Battle of the Volga	no film among candidates
iaTheGreatTrainRobbery_555	The Great Train Robbery	ambiguous -> Q470329 (1903) of 4
iaGreenPas1926	Green Pastures	ambiguous -> Q115017276 (1926) of 2
106	Gullivers Travels - Animated	no film among candidates
47	Gung Ho	ambiguous -> Q2498193 (1943) of 3
841	Hands of a Stranger	ambiguous -> Q5647612 (1962) of 2
441	Hands of Death	ambiguous -> Q3829004 (1972) of 2
801	The Hanged Man	ambiguous -> Q7738748 (1964) of 2
999	Harold Diddlebock	no film among candidates
iaThe_Haunted_Castle_1896	The Haunted Castle	ambiguous -> Q153603 (1896) of 5
iaTheHauntedHouse	The Haunted House	ambiguous -> Q872305 (1921) of 5
1022	Haxan	no film among candidates
iaHome.Sweet.Home	Home, Sweet Home	ambiguous -> Q3139596 (1914) of 3
228	The House on Haunted Hill	no film among candidates
iaHumorous_Phases_of_Funny_Faces_1906	Humorous Phases of Funny Faces	no film among candidates
191	The Hunchback of Notre Dame	ambiguous -> Q7740945 (1911) of 8
iaThe_Hunchback_of_Notre_Dame	The Hunchback of Notre Dame	ambiguous -> Q288425 (1923) of 8
404	Impact	no film among candidates
188	The Indestructible Man	no film among candidates
317	The Inspector General	ambiguous -> Q1089010 (1950) of 2
iathe_invaders_1912	The Invaders	ambiguous -> Q7742395 (1912) of 4
1039	The Invaders 1912	no film among candidates
387	The Iron Mask	ambiguous -> Q3823033 (1909) of 3
iairon_mask	The Iron Mask	ambiguous -> Q738056 (1929) of 3
111	Its a Joke Son	no film among candidates
560	Jack and the Beanstalk	ambiguous -> Q3006831 (1902) of 12
64	Jail Bait	ambiguous -> Q2936273 (1937) of 3
102	Jane Eyre	ambiguous -> Q1065431 (1934) of 5
845	Jesse James Meets Frankensteins Daughter	no film among candidates
414	Jigsaw	only modern namesakes (2017)
758	Joshua	no film among candidates
435	Karate Kids USA	no film among candidates
iathe-karnival-kid-1929	The Karnival Kid	no film among candidates
iaTheKidAutoRaceinVenice	The Kid Auto Race in Venice	no film among candidates
545	King Kelly of the USA	no film among candidates
iaLaFlammeMerveilleuse	La Flamme Merveilleuse	no film among candidates
iaLaLigneGnrale1928	La Ligne Générale	no film among candidates
ialadyhamilton1921	Lady Hamilton	ambiguous -> Q6470212 (1921) of 2
iasilent-lady-of-the-night	Lady of the Night	ambiguous -> Q2213949 (1925) of 3
iaLadyWindermeresFan	Lady Windermere's Fan	ambiguous -> Q126135 (1925) of 3
535	The Last Chance	ambiguous -> Q97117309 (1921) of 5
229	The Last Man on Earth	ambiguous -> Q7745875 (1924) of 2
ialast_of_the_mohicans_1920	Last of the Mohicans	ambiguous -> Q444242 (1920) of 6
103	The Last Time I Saw Paris	no film among candidates
iaLeCake-walkInfernal	Le Cake-Walk Infernal	no film among candidates
iaLeMcanoDeLaGnrale1926	Le Mécano De La Générale	no film among candidates
iaLeMondePerdu1925	Le Monde Perdu	no film among candidates
iaLePetitPoucet_733	Le Petit Poucet	no film among candidates
iaLesDerniresCartouches	Les Dernières Cartouches	no film among candidates
100	Lets Get Tough	no film among candidates
561	Lets Go Collegiate	no film among candidates
108	Lil Abner	no film among candidates
iaLittleAnnieRooney_	Little Annie Rooney	ambiguous -> Q134008 (1925) of 2
524	Little Brown Jug	no film among candidates
355	Little Lord Fauntleroy	ambiguous -> Q27959448 (1914) of 5
382	The Little Princess	ambiguous -> Q151924 (1917) of 2
344	The Lost City 2	no film among candidates
388	The Lost World	ambiguous -> Q1219785 (1925) of 2
iaLoveNest	Love Nest	ambiguous -> Q3087848 (1923) of 5
936	Maciste in King Solomons Mines	no film among candidates
862	The Man from Music Mountain	ambiguous -> Q6746335 (1938) of 2
260	Manhunt	only modern namesakes (2008, 1995)
181	Maniac	ambiguous -> Q6749434 (1934) of 3
iaManslaughter_1922	Manslaughter	ambiguous -> Q1751536 (1922) of 2
iamarkofzorro-1920	Mark of Zorro	ambiguous -> Q1170907 (1920) of 4
1041	The Martyrs of the Alamo	no film among candidates
96	The Medicine Man	ambiguous -> Q16028690 (1917) of 3
757	Medusa	no film among candidates
iaMnilmontant1926	Ménilmontant	ambiguous -> Q4290514 (1926) of 2
iaTheMidnightGirl	The Midnight Girl	ambiguous -> Q3521867 (1925) of 2
422	The Moonstone	ambiguous -> Q7752193 (1909) of 4
1073	Mr Motos Last Warning	no film among candidates
502	Mr Piper - Ali Baba	no film among candidates
506	Mr Piper - The Magic Horn	only modern namesakes (2015)
508	Mr Piper - The Three Sisters	ambiguous -> Q7769077 (1930) of 2
278	Mutiny	ambiguous -> Q20804210 (1917) of 3
iaNanoukLesquimau1922	Nanouk L'esquimau	no film among candidates
192	Night of the Living Dead	ambiguous -> Q623051 (1968) of 2
454	Ninja Heat	no film among candidates
iaNosferatuLeVampire	Nosferatu Le Vampire	no film among candidates
293	The Oklahoma Cyclone	no film among candidates
381	Our Town	only modern namesakes (2007, 2003)
iaFatty_Arbuckles_Out_West	Out West	ambiguous -> Q3067280 (1918) of 2
307	The Outlaw	ambiguous -> Q3988600 (1912) of 7
iaOutsideTheLaw	Outside The Law	ambiguous -> Q4006146 (1920) of 4
303	Painted Desert	ambiguous -> Q1401845 (1931) of 2
318	The Paleface	ambiguous -> Q3281807 (1922) of 2
815	Panic	only modern namesakes (2001)
794	Paper Man	ambiguous -> Q7756024 (1963) of 2
iaPardonMyGun	Pardon My Gun	ambiguous -> Q7136588 (1930) of 2
iaThePay-Off	The Pay-Off	ambiguous -> Q7756403 (1930) of 2
iaThePenalty	The Penalty	ambiguous -> Q1922615 (1920) of 6
189	The Phantom of the Opera	ambiguous -> Q12360731 (1916) of 7
iaThePhantomoftheOpera	The Phantom of the Opera	ambiguous -> Q927919 (1925) of 7
556	The Pied Piper of Hamelin	ambiguous -> Q20803167 (1913) of 5
iaPlaneCrazy_201511	Plane Crazy	no film among candidates
iaPollyanna	Pollyanna	ambiguous -> Q2582920 (1920) of 2
iaPollyanna_275	Pollyanna	ambiguous -> Q2582920 (1920) of 2
485	Popeye - Ali Babas Forty Thieves	no film among candidates
476	Popeye - Bride and Gloom	ambiguous -> Q3644567 (1918) of 2
244	Prehistoric Women	ambiguous -> Q7239952 (1950) of 2
51	The Proud and Damned	no film among candidates
849	Public Cowboy #1	no film among candidates
555	Reaching for the Moon	ambiguous -> Q3930951 (1917) of 2
iaReachingForTheMoondecember291930	Reaching for the Moon	ambiguous -> Q7300225 (1930) of 2
529	Red Riding Hood	ambiguous -> Q3225418 (1901) of 3
iaTheRoaringRoad1919	The Roaring Road	ambiguous -> Q3989058 (1919) of 2
iaRobbery_Under_Arms	Robbery Under Arms	ambiguous -> Q7340828 (1920) of 5
546	Rock Rock Rock	no film among candidates
204	Rocky Jones Space Ranger: Crash of the Moons	no film among candidates
iaRomanceSentimentale	Romance Sentimentale	no film among candidates
1023	Salt of the Earth	ambiguous -> Q52112428 (1917) of 2
796	Savage Guns	ambiguous -> Q2162215 (1961) of 2
1025	Scared to Death	ambiguous -> Q1962894 (1947) of 3
287	The Scarlet Letter	ambiguous -> Q3989139 (1908) of 9
324	The Scarlet Pimpernel	ambiguous -> Q8851647 (1917) of 3
418	Scarlet Street	ambiguous -> Q128930 (1945) of 2
882	Scrooge 1935	no film among candidates
410	The Second Woman	ambiguous -> Q3824104 (1951) of 2
1026	Sensation Hunters	ambiguous -> Q7450950 (1933) of 2
iaSentimental_bloke	The Sentimental Bloke	ambiguous -> Q3989208 (1919) of 4
iaSevenKeysToBaldpate	Seven Keys To Baldpate	ambiguous -> Q7457301 (1917) of 6
114	Shaolin Deadly Kicks	no film among candidates
455	Shaolin Temple	ambiguous -> Q2651448 (1976) of 3
iaTheSheik	The Sheik	ambiguous -> Q1196670 (1921) of 2
395	Sherlock Holmes - A Study in Scarlet	no film among candidates
393	Sherlock Holmes - Murder at the Baskervilles	no film among candidates
391	Sherlock Holmes - The Sign of Four	ambiguous -> Q7764159 (1932) of 3
968	Shoot to Kill	ambiguous -> Q3966021 (1947) of 5
iaSilks_And_Saddles	Silks and Saddles	ambiguous -> Q7515270 (1921) of 3
iaSilverHorde1930	The Silver Horde	ambiguous -> Q7764285 (1930) of 2
1033	Silver Spurs	ambiguous -> Q96741544 (1922) of 3
1032	Sinful Cargo	no film among candidates
76	Sing Cowboy Sing	ambiguous -> Q7522579 (1937) of 2
iathe-skeleton-dance_1929	The Skeleton Dance	no film among candidates
853	Slashed Dreams	no film among candidates
532	The Snow Man	ambiguous -> Q104853219 (1899) of 3
1042	The Snows of Kilimanjaro	ambiguous -> Q683957 (1952) of 2
1054	Sos Your Aunt Emma	no film among candidates
1053	South of Santa Fe	ambiguous -> Q73537523 (1924) of 3
950	The Sphinx	ambiguous -> Q3824171 (1919) of 2
81	Springtime in the Rockies	ambiguous -> Q7581204 (1937) of 2
iaSquawMan	The Squaw Man	ambiguous -> Q2613688 (1914) of 3
104	A Star is Born	ambiguous -> Q873186 (1937) of 3
118	Steamboat Bill	no film among candidates
1081	The Strange Woman	ambiguous -> Q21752652 (1918) of 4
1012	The Stranger	ambiguous -> Q3989502 (1910) of 4
1058	Street Angel	ambiguous -> Q1077902 (1928) of 2
639	Submarine Warfare	no film among candidates
1059	Successful Failure	ambiguous -> Q16038843 (1917) of 2
531	Sultan Pepper	no film among candidates
298	The Sundowners	ambiguous -> Q7767406 (1950) of 2
129	Sunny	only modern namesakes (2011)
156	Tarzans Revenge	no film among candidates
972	Telephone Operator	ambiguous -> Q17103493 (1925) of 4
27	The Terror	ambiguous -> Q104868129 (1917) of 7
1004	Thats My Baby	no film among candidates
iaThiefOfBagdad1924	Thief of Bagdad	ambiguous -> Q1192927 (1924) of 4
805	This Man Cant Die	no film among candidates
1021	Thru Traffic	no film among candidates
450	Tiger Love	ambiguous -> Q19363929 (1924) of 2
1016	Timber Queen	ambiguous -> Q3283141 (1922) of 2
322	The Time of Your Life	ambiguous -> Q3790875 (1948) of 2
533	Toby - The Museum	no film among candidates
iaTolableDavid	Tol'able David	ambiguous -> Q3019070 (1921) of 2
iaTheTollOfTheSeanovember261922	The Toll of the Sea	ambiguous -> Q2411291 (1922) of 3
359	Tom and Jerry Festival	no film among candidates
1018	Tomorrows Youth	no film among candidates
iatramp_tramp_tramp_1926	Tramp, Tramp, Tramp	ambiguous -> Q1540242 (1926) of 2
544	Trocadero	ambiguous -> Q7844810 (1944) of 2
62	Under the Red Robe	ambiguous -> Q25136414 (1915) of 3
iathe.unholy.three.1925	The Unholy Three	ambiguous -> Q1989317 (1925) of 2
566	Up in the Air	ambiguous -> Q21185804 (1915) of 3
857	Utah	no film among candidates
iaTheVirginian	The Virginian	ambiguous -> Q3523234 (1914) of 4
808	Virus	only modern namesakes (1999)
988	We Work Again 1937	no film among candidates
991	What Becomes of the Children	ambiguous -> Q7990993 (1936) of 2
992	Windjammer	ambiguous -> Q21528239 (1930) of 3
1061	The Women	ambiguous -> Q348678 (1939) of 4
996	Won in the Clouds	ambiguous -> Q82817925 (1914) of 2
iaWonInTheClouds	Won In The Clouds	ambiguous -> Q8031695 (1928) of 2
iaThe_Wonderful_Wizard_of_Oz	The Wonderful Wizard of Oz	ambiguous -> Q3794530 (1910) of 3
997	X Marks the Spot	ambiguous -> Q8042757 (1942) of 2
751	Yuma	no film among candidates
